---
source: crates/fae-core/tests/snapshot_text_widgets.rs
expression: rendered
---
Main Title                                        
                                                  
Some bold and italic text.                        
Subsection                                        
                                                  
A paragraph with`code` .                          
code block                                        
-  list item
